1784905858.134003
1785094198.353863
1785095896.30854
1786254331.124963
1787575819.26452
1787587076.070251
1787587657.322456
1787642401.430471
1787664486.483843
1787766571.567522
1787767841.838168
1787776047.319649
1787776437.803552
1787776529.10622
1787776686.655147
1787776836.09265
1787777314.554147
1787837815.987253
1787837962.018409
1788000032.890718
1788046362.6425
1788046749.737702
1788052248.64665
1788052364.581396
1788052388.872464
1788196877.979615
1788198055.390637
1788218008.521002
1788219597.688709
1788227878.064549
